// Jest Snapshot v1, https://goo.gl/fbAQLP

exports[`App should match snapshot 1`] = `"<div class=\\"App\\"><header class=\\"App-header\\"><div>Погода в Киеве на неделю</div></header><div class=\\"days\\"><div class=\\"day\\"><p>понедельник, 21 февраля 2022 г.</p><img src=\\"./img/clear.png\\" alt=\\"ясно\\"/><div class=\\"temperature\\"><div><p>мин.</p><p>+2°</p></div><div><p>макс.</p><p>+7°</p></div></div><p>Давление, мм: <span>740</span></p><p>Влажность, %: <span>85</span></p><p>Ветер, м/сек.: <span>2.7</span></p></div><div class=\\"day\\"><p>вторник, 22 февраля 2022 г.</p><img src=\\"./img/cloudy.png\\" alt=\\"облачно\\"/><div class=\\"temperature\\"><div><p>мин.</p><p>+3°</p></div><div><p>макс.</p><p>+6°</p></div></div><p>Давление, мм: <span>735</span></p><p>Влажность, %: <span>95</span></p><p>Ветер, м/сек.: <span>2.4</span></p></div><div class=\\"day\\"><p>среда, 23 февраля 2022 г.</p><img src=\\"./img/some-clouds.png\\" alt=\\"облачно\\"/><div class=\\"temperature\\"><div><p>мин.</p><p>0°</p></div><div><p>макс.</p><p>+2°</p></div></div><p>Давление, мм: <span>740</span></p><p>Влажность, %: <span>80</span></p><p>Ветер, м/сек.: <span>2.9</span></p></div><div class=\\"day\\"><p>четверг, 24 февраля 2022 г.</p><img src=\\"./img/rain.png\\" alt=\\"дождь\\"/><div class=\\"temperature\\"><div><p>мин.</p><p>-2°</p></div><div><p>макс.</p><p>+3°</p></div></div><p>Давление, мм: <span>754</span></p><p>Влажность, %: <span>55</span></p><p>Ветер, м/сек.: <span>4.0</span></p></div><div class=\\"day\\"><p>пятница, 25 февраля 2022 г.</p><img src=\\"./img/sun-snow.png\\" alt=\\"ясно, временами снег\\"/><div class=\\"temperature\\"><div><p>мин.</p><p>-1°</p></div><div><p>макс.</p><p>+1°</p></div></div><p>Давление, мм: <span>755</span></p><p>Влажность, %: <span>60</span></p><p>Ветер, м/сек.: <span>2.0</span></p></div><div class=\\"day\\"><p>суббота, 26 февраля 2022 г.</p><img src=\\"./img/some-clouds-2.png\\" alt=\\"облачно\\"/><div class=\\"temperature\\"><div><p>мин.</p><p>-4°</p></div><div><p>макс.</p><p>+2°</p></div></div><p>Давление, мм: <span>754</span></p><p>Влажность, %: <span>50</span></p><p>Ветер, м/сек.: <span>1.6</span></p></div><div class=\\"day\\"><p>воскресенье, 27 февраля 2022 г.</p><img src=\\"./img/snow.png\\" alt=\\"снег\\"/><div class=\\"temperature\\"><div><p>мин.</p><p>-2°</p></div><div><p>макс.</p><p>+3°</p></div></div><p>Давление, мм: <span>750</span></p><p>Влажность, %: <span>62</span></p><p>Ветер, м/сек.: <span>2.0</span></p></div></div></div>"`;
